C:\nxp\CMSISv2p00_LPC17xx\inc/core_cm3.h:928:22:NVIC_EnableIRQ	16	static
../src/SimonDice.c:116:5:main	8	static
../src/SimonDice.c:408:9:tiempo_cumplido	16	static
../src/SimonDice.c:415:6:systick_init	4	static
../src/SimonDice.c:426:6:SysTick_Handler	4	static
../src/SimonDice.c:434:6:EINT3_IRQHandler	16	static
../src/SimonDice.c:471:6:config_botones	8	static
../src/SimonDice.c:494:6:leds_apagar_todos	4	static
../src/SimonDice.c:506:6:led_mostrar	16	static
../src/SimonDice.c:518:6:leds_init	8	static
../src/SimonDice.c:540:6:led_encender	16	static
../src/SimonDice.c:548:6:led_apagar	16	static
../src/SimonDice.c:556:9:boton_sigue_presionado	16	static
